src/packages/search-service/src/NexaSearchEngine.ts(136,48): error TS2345: Argument of type 'string' is not assignable to parameter of type 'SearchSource'.
